// Jest Snapshot v1, https://goo.gl/fbAQLP

exports[`Profile Sidebar matches snapshot 1`] = `
.emotion-42 {
  display: block;
  border-radius: 1px;
  border: solid 1px rgba(46,91,255,0.08);
  box-shadow: 0 10px 20px 0 rgba(46,91,255,0.07);
  padding: 32px 24px;
  background-color: var(--color-white);
  height: 100%;
  width: 357px;
}

.emotion-1 {
  border-radius: 50%;
  display: block;
  height: 140px;
  margin: 32px auto 19px;
  width: 140px;
}

.emotion-3 {
  margin: 0 0 3px;
  font-size: 28px;
  font-weight: var(--font-weight-light);
  text-align: center;
}

.emotion-5 {
  margin: 0 0 33px;
  color: var(--color-bluey-grey);
  font-size: var(--base-font-size);
  font-weight: var(--font-weight-regular);
  text-align: center;
}

.emotion-13 {
  display: -webkit-box;
  display: -webkit-flex;
  display: -ms-flexbox;
  display: flex;
  margin: 0 -8px 40px;
}

.emotion-8 {
  display: -webkit-box;
  display: -webkit-flex;
  display: -ms-flexbox;
  display: flex;
  -webkit-align-items: center;
  -webkit-box-align: center;
  -ms-flex-align: center;
  align-items: center;
  -webkit-box-pack: center;
  -webkit-justify-content: center;
  -ms-flex-pack: center;
  justify-content: center;
  border: none;
  padding: 0;
  font-size: var(--base-font-size);
  font-weight: var(--font-weight-medium);
  cursor: pointer;
  -webkit-transition: var(--transition);
  transition: var(--transition);
  border-radius: 4px;
  height: 40px;
  width: 200px;
  background-color: var(--color-clear-blue);
  color: white;
  -webkit-flex: 1;
  -ms-flex: 1;
  flex: 1;
  margin: 0 8px;
  width: unset;
}

.emotion-8:disabled {
  opacity: 0.3;
  pointer-events: none;
}

.emotion-8:focus {
  outline: 0;
}

.emotion-8:enabled:hover {
  background-color: var(--color-clear-blue-dark);
}

.emotion-11 {
  display: -webkit-box;
  display: -webkit-flex;
  display: -ms-flexbox;
  display: flex;
  -webkit-align-items: center;
  -webkit-box-align: center;
  -ms-flex-align: center;
  align-items: center;
  -webkit-box-pack: center;
  -webkit-justify-content: center;
  -ms-flex-pack: center;
  justify-content: center;
  border: none;
  padding: 0;
  font-size: var(--base-font-size);
  font-weight: var(--font-weight-medium);
  cursor: pointer;
  -webkit-transition: var(--transition);
  transition: var(--transition);
  border-radius: 4px;
  height: 40px;
  width: 200px;
  background: rgba(46,91,255,0.2);
  color: var(--color-clear-blue);
  -webkit-flex: 1;
  -ms-flex: 1;
  flex: 1;
  margin: 0 8px;
  width: unset;
}

.emotion-11:disabled {
  opacity: 0.3;
  pointer-events: none;
}

.emotion-11:focus {
  outline: 0;
}

.emotion-11:enabled:hover {
  background-color: rgba(46,91,255,0.3);
}

.emotion-15 {
  border: 0;
  height: 1px;
  margin-bottom: 42px;
  background-color: #e4e8f0;
}

.emotion-17 {
  color: #b0bac9;
  margin-bottom: 10px;
  font-size: 12px;
  -webkit-letter-spacing: 1.1px;
  -moz-letter-spacing: 1.1px;
  -ms-letter-spacing: 1.1px;
  letter-spacing: 1.1px;
  text-transform: uppercase;
}

.emotion-19 {
  margin: 0 0 24px;
  line-height: 1.47;
}

<div
  className="emotion-41 emotion-42 emotion-43"
>
  <img
    className="emotion-0 emotion-1 emotion-2"
    src="./users/joan.png"
  />
  <h2
    className="emotion-3 emotion-4"
  >
    Anna Black
  </h2>
  <h3
    className="emotion-5 emotion-6"
  >
    Sr. Customer Manager
  </h3>
  <div
    className="emotion-13 emotion-14"
  >
    <button
      className="emotion-7 emotion-8 emotion-9"
    >
      Edit profile
    </button>
    <button
      className="emotion-10 emotion-11 emotion-12"
    >
      Change status
    </button>
  </div>
  <hr
    className="emotion-15 emotion-16"
  />
  <dl>
    <dt
      className="emotion-17 emotion-18"
    >
      Role
    </dt>
    <dd
      className="emotion-19 emotion-20"
    >
      Administrator, Moderator
    </dd>
    <dt
      className="emotion-17 emotion-18"
    >
      E-mail
    </dt>
    <dd
      className="emotion-19 emotion-20"
    >
      invision@invisionapp.com
    </dd>
    <dt
      className="emotion-17 emotion-18"
    >
      Phone
    </dt>
    <dd
      className="emotion-19 emotion-20"
    >
      +144-3412-4422
    </dd>
    <dt
      className="emotion-17 emotion-18"
    >
      Twitter
    </dt>
    <dd
      className="emotion-19 emotion-20"
    >
      @invisionapp
    </dd>
    <dt
      className="emotion-17 emotion-18"
    >
      Location
    </dt>
    <dd
      className="emotion-19 emotion-20"
    >
      New York, NY
    </dd>
    <dt
      className="emotion-17 emotion-18"
    >
      Bio
    </dt>
    <dd
      className="emotion-19 emotion-20"
    >
      This theme adds additional client and channel information. It's useful for Admins when you need any ID of a user without searching for it
    </dd>
  </dl>
</div>
`;
