// Jest Snapshot v1, https://goo.gl/fbAQLP

exports[`Map Passenger matches snapshot 1`] = `
.emotion-24 {
  display: block;
  border-radius: 1px;
  border: solid 1px rgba(46,91,255,0.08);
  box-shadow: 0 10px 20px 0 rgba(46,91,255,0.07);
  padding: 32px 24px;
  background-color: #fff;
  width: 655px;
}

.emotion-0 {
  margin: 0 0 26px 0;
  color: #8798ad;
  font-size: 13px;
  font-weight: 400;
  -webkit-letter-spacing: 1.2px;
  -moz-letter-spacing: 1.2px;
  -ms-letter-spacing: 1.2px;
  letter-spacing: 1.2px;
  text-transform: uppercase;
}

.emotion-23 {
  display: -webkit-box;
  display: -webkit-flex;
  display: -ms-flexbox;
  display: flex;
}

.emotion-13 {
  -webkit-flex: 0 0 253px;
  -ms-flex: 0 0 253px;
  flex: 0 0 253px;
}

.emotion-5 {
  display: -webkit-box;
  display: -webkit-flex;
  display: -ms-flexbox;
  display: flex;
  margin: 9px 0 19px;
}

.emotion-1 {
  border-radius: 50%;
  height: 48px;
  width: 48px;
  -webkit-transform: translate(6px,-2px);
  -ms-transform: translate(6px,-2px);
  transform: translate(6px,-2px);
}

.emotion-4 {
  margin-left: 15px;
}

.emotion-2 {
  margin: 0 0 2px;
  font-size: 15px;
  font-weight: 500;
  line-height: 1.47;
}

.emotion-3 {
  margin: 0;
  color: #8798ad;
}

.emotion-12 {
  padding: 0 6px;
}

.emotion-6 {
  color: #b0bac9;
  margin-bottom: 10px;
  font-size: 12px;
  font-weight: 500;
  -webkit-letter-spacing: 1.1px;
  -moz-letter-spacing: 1.1px;
  -ms-letter-spacing: 1.1px;
  letter-spacing: 1.1px;
  text-transform: uppercase;
}

.emotion-7 {
  margin: 0 0 20px;
  max-width: 241px;
  white-space: nowrap;
  overflow: hidden;
  text-overflow: ellipsis;
}

.emotion-22 {
  -webkit-flex: 1;
  -ms-flex: 1;
  flex: 1;
  display: -webkit-box;
  display: -webkit-flex;
  display: -ms-flexbox;
  display: flex;
  -webkit-align-content: flex-start;
  -ms-flex-line-pack: start;
  align-content: flex-start;
  -webkit-flex-flow: row wrap;
  -ms-flex-flow: row wrap;
  flex-flow: row wrap;
  margin: -5px -12px -12px;
}

.emotion-15 {
  padding: 12px;
}

.emotion-14 {
  display: -webkit-box;
  display: -webkit-flex;
  display: -ms-flexbox;
  display: flex;
  -webkit-align-items: center;
  -webkit-box-align: center;
  -ms-flex-align: center;
  align-items: center;
  -webkit-box-pack: center;
  -webkit-justify-content: center;
  -ms-flex-pack: center;
  justify-content: center;
  height: 75px;
  width: 140px;
  border-radius: 5px;
  border: solid 1px #e0e7ff;
}

.emotion-14 img {
  -webkit-transform: scale(0.5);
  -ms-transform: scale(0.5);
  transform: scale(0.5);
}

.emotion-16 {
  display: -webkit-box;
  display: -webkit-flex;
  display: -ms-flexbox;
  display: flex;
  -webkit-align-items: center;
  -webkit-box-align: center;
  -ms-flex-align: center;
  align-items: center;
  -webkit-box-pack: center;
  -webkit-justify-content: center;
  -ms-flex-pack: center;
  justify-content: center;
  height: 75px;
  width: 140px;
  border-radius: 5px;
  border: solid 1px #e0e7ff;
  background-color: #2e5bff;
}

.emotion-16 img {
  -webkit-transform: scale(0.5);
  -ms-transform: scale(0.5);
  transform: scale(0.5);
}

<div
  className="emotion-24"
>
  <h3
    className="emotion-0"
  >
    Passenger info
  </h3>
  <div
    className="emotion-23"
  >
    <div
      className="emotion-13"
    >
      <div
        className="emotion-5"
      >
        <img
          className="emotion-1"
          src="https://s3.amazonaws.com/uifaces/faces/twitter/xravil/128.jpg"
        />
        <div
          className="emotion-4"
        >
          <p
            className="emotion-2"
          >
            Nora M. Buchanan
          </p>
          <p
            className="emotion-3"
          >
            4 interactions
          </p>
        </div>
      </div>
      <dl
        className="emotion-12"
      >
        <dt
          className="emotion-6"
        >
          Email
        </dt>
        <dd
          className="emotion-7"
        >
          invision@invisionapp.com
        </dd>
        <dt
          className="emotion-6"
        >
          Phone
        </dt>
        <dd
          className="emotion-7"
        >
          +144–3412–4422
        </dd>
        <dt
          className="emotion-6"
        >
          Location
        </dt>
        <dd
          className="emotion-7"
        >
          New York, NY
        </dd>
      </dl>
    </div>
    <div
      className="emotion-22"
    >
      <div
        className="emotion-15"
      >
        <div
          className="emotion-14"
        >
          <img
            alt="PayPal"
            src="./paypal.png"
          />
        </div>
      </div>
      <div
        className="emotion-15"
      >
        <div
          className="emotion-16"
        >
          <img
            alt="Visa"
            src="./visa.png"
          />
        </div>
      </div>
      <div
        className="emotion-15"
      >
        <div
          className="emotion-14"
        >
          <img
            alt="Mastercard"
            src="./mastercard.png"
          />
        </div>
      </div>
      <div
        className="emotion-15"
      >
        <div
          className="emotion-14"
        >
          <img
            alt="Apple Pay"
            src="./applepay.png"
          />
        </div>
      </div>
    </div>
  </div>
</div>
`;
