// Jest Snapshot v1, https://goo.gl/fbAQLP

exports[`Vehicles Filter matches snapshot 1`] = `
.emotion-45 {
  display: block;
  border-radius: 1px;
  border: solid 1px rgba(46,91,255,0.08);
  box-shadow: 0 10px 20px 0 rgba(46,91,255,0.07);
  padding: 32px 24px;
  background-color: var(--color-white);
  padding: 32px 24px 3px;
  width: 268px;
}

.emotion-0 {
  margin: 0 0 26px 0;
  color: var(--color-bluey-grey);
  font-size: 13px;
  font-weight: var(--font-weight-normal);
  -webkit-letter-spacing: 1.2px;
  -moz-letter-spacing: 1.2px;
  -ms-letter-spacing: 1.2px;
  letter-spacing: 1.2px;
  text-transform: uppercase;
}

.emotion-12 {
  display: inline-block;
  color: #b0bac9;
  font-size: 12px;
  font-weight: var(--font-weight-medium);
  -webkit-letter-spacing: 1.2px;
  -moz-letter-spacing: 1.2px;
  -ms-letter-spacing: 1.2px;
  letter-spacing: 1.2px;
  text-transform: uppercase;
  padding: 0 6px 19px;
  color: var(--color-dark);
  font-size: 15px;
  font-weight: var(--font-weight-regular);
  -webkit-letter-spacing: normal;
  -moz-letter-spacing: normal;
  -ms-letter-spacing: normal;
  letter-spacing: normal;
  line-height: 1.47;
  text-transform: none;
}

.emotion-6 {
  display: -webkit-box;
  display: -webkit-flex;
  display: -ms-flexbox;
  display: flex;
}

.emotion-2 {
  -webkit-flex: 1;
  -ms-flex: 1;
  flex: 1;
}

.emotion-4 {
  color: var(--color-bluey-grey);
}

.emotion-9 {
  -webkit-appearance: none;
  -moz-appearance: none;
  appearance: none;
  border-radius: 7px;
  height: 4px;
  width: 210px;
  background-color: rgba(46,91,255,0.15);
  outline: none;
  -webkit-transition: var(--transition);
  transition: var(--transition);
  margin: 12px 0 18px;
}

.emotion-9::-moz-range-progress {
  background-color: var(--color-clear-blue);
}

.emotion-9::-moz-range-thumb {
  border: solid 4px var(--color-clear-blue);
  border-radius: 50%;
  height: 8px;
  width: 8px;
  background: var(--color-white);
  cursor: pointer;
}

.emotion-9::-webkit-slider-thumb {
  -webkit-appearance: none;
  -moz-appearance: none;
  appearance: none;
  border: solid 4px var(--color-clear-blue);
  border-radius: 50%;
  height: 16px;
  width: 16px;
  background: var(--color-white);
  cursor: pointer;
}

.emotion-9:disabled {
  opacity: 0.3;
}

.emotion-27 {
  display: block;
  border: solid 1px #e0e7ff;
  border-radius: 5px;
  height: 38px;
  margin: 7px 0;
  max-width: 270px;
  padding: 10px 16px;
  width: 100%;
  background-color: rgba(224,231,255,0.2);
  color: var(--color-dark);
  font-family: inherit;
  font-size: var(--base-font-size);
  -webkit-transition: var(--transition);
  transition: var(--transition);
  background: var(--color-white);
  color: var(--color-clear-blue);
}

.emotion-27:disabled {
  opacity: 0.3;
}

.emotion-27:focus {
  border: solid 1px var(--color-clear-blue);
  outline: 0;
}

<div
  className="emotion-44 emotion-45 emotion-46"
>
  <h3
    className="emotion-0 emotion-1"
  >
    Filter
  </h3>
  <label
    className="emotion-11 emotion-12 emotion-13"
  >
    <div
      className="emotion-6 emotion-7"
    >
      <span
        className="emotion-2 emotion-3"
      >
        Trips taken
      </span>
      <span
        className="emotion-4 emotion-5"
      >
        753
      </span>
    </div>
    <input
      className="emotion-8 emotion-9 emotion-10"
      type="range"
    />
  </label>
  <label
    className="emotion-11 emotion-12 emotion-13"
  >
    <div
      className="emotion-6 emotion-7"
    >
      <span
        className="emotion-2 emotion-3"
      >
        Service due
      </span>
      <span
        className="emotion-4 emotion-5"
      >
        14 days
      </span>
    </div>
    <input
      className="emotion-8 emotion-9 emotion-10"
      type="range"
    />
  </label>
  <label
    className="emotion-11 emotion-12 emotion-13"
  >
    Vehicle model
    <input
      className="emotion-26 emotion-27 emotion-28"
      placeholder="Vehicle model"
    />
  </label>
  <label
    className="emotion-11 emotion-12 emotion-13"
  >
    Status
    <input
      className="emotion-26 emotion-27 emotion-28"
      placeholder="Status"
      value="Service needed"
    />
  </label>
  <label
    className="emotion-11 emotion-12 emotion-13"
  >
    Location
    <input
      className="emotion-26 emotion-27 emotion-28"
      placeholder="Location"
      value="USA"
    />
  </label>
</div>
`;

exports[`Vehicles Vehicles matches snapshot 1`] = `
<table
  className="emotion-0 emotion-1"
/>
`;
